[    0.000000] Linux version 4.15.0-137-generic (buildd@lcy01-amd64-011) (gcc version 7.5.0 (Ubuntu 7.5.0-3ubuntu1~18.04)) #141-Ubuntu SMP Fri Feb 19 13:46:27 UTC 2021 (Ubuntu 4.15.0-137.141-generic 4.15.18)
[    0.000000] Command line: BOOT_IMAGE=/boot/vmlinuz-4.15.0-137-generic root=LABEL=cloudimg-rootfs ro console=tty1 console=ttyS0
[    0.000000] KERNEL supported cpus:
[    0.000000]   Intel GenuineIntel
[    0.000000]   AMD AuthenticAMD
[    0.000000]   Centaur CentaurHauls
[    0.000000] x86/fpu: Supporting XSAVE feature 0x001: 'x87 floating point registers'
[    0.000000] x86/fpu: Supporting XSAVE feature 0x002: 'SSE registers'
[    0.000000] x86/fpu: Supporting XSAVE feature 0x004: 'AVX registers'
[    0.000000] x86/fpu: xstate_offset[2]:  576, xstate_sizes[2]:  256
[    0.000000] x86/fpu: Enabled xstate features 0x7, context size is 832 bytes, using 'standard' format.
[    0.000000] e820: BIOS-provided physical RAM map:
[    0.000000] BIOS-e820: [mem 0x0000000000000000-0x000000000009fbff] usable
[    0.000000] BIOS-e820: [mem 0x000000000009fc00-0x000000000009ffff] reserved
[    0.000000] BIOS-e820: [mem 0x00000000000f0000-0x00000000000fffff] reserved
[    0.000000] BIOS-e820: [mem 0x0000000000100000-0x000000003ffeffff] usable
[    0.000000] BIOS-e820: [mem 0x000000003fff0000-0x000000003fffffff] ACPI data
[    0.000000] BIOS-e820: [mem 0x00000000fec00000-0x00000000fec00fff] reserved
[    0.000000] BIOS-e820: [mem 0x00000000fee00000-0x00000000fee00fff] reserved
[    0.000000] BIOS-e820: [mem 0x00000000fffc0000-0x00000000ffffffff] reserved
[    0.000000] NX (Execute Disable) protection: active
[    0.000000] SMBIOS 2.5 present.
[    0.000000] DMI: innotek GmbH VirtualBox/VirtualBox, BIOS VirtualBox 12/01/2006
[    0.000000] Hypervisor detected: KVM
[    0.000000] e820: last_pfn = 0x3fff0 max_arch_pfn = 0x400000000
[    0.000000] MTRR: Disabled
[    0.000000] x86/PAT: MTRRs disabled, skipping PAT initialization too.
[    0.000000] CPU MTRRs all blank - virtualized system.
[    0.000000] x86/PAT: Configuration [0-7]: WB  WT  UC- UC  WB  WT  UC- UC  
[    0.000000] found SMP MP-table at [mem 0x0009fff0-0x0009ffff]
[    0.000000] Scanning 1 areas for low memory corruption
[    0.000000] RAMDISK: [mem 0x35a63000-0x36d28fff]
[    0.000000] ACPI: Early table checksum verification disabled
[    0.000000] ACPI: RSDP 0x00000000000E0000 000024 (v02 VBOX  )
[    0.000000] ACPI: XSDT 0x000000003FFF0030 00003C (v01 VBOX   VBOXXSDT 00000001 ASL  00000061)
[    0.000000] ACPI: FACP 0x000000003FFF00F0 0000F4 (v04 VBOX   VBOXFACP 00000001 ASL  00000061)
[    0.000000] ACPI: DSDT 0x000000003FFF0470 002325 (v02 VBOX   VBOXBIOS 00000002 INTL 20120111)
[    0.000000] ACPI: FACS 0x000000003FFF0200 000040
[    0.000000] ACPI: FACS 0x000000003FFF0200 000040
[    0.000000] ACPI: APIC 0x000000003FFF0240 00005C (v02 VBOX   VBOXAPIC 00000001 ASL  00000061)
[    0.000000] ACPI: SSDT 0x000000003FFF02A0 0001CC (v01 VBOX   VBOXCPUT 00000002 INTL 20120111)
[    0.000000] No NUMA configuration found
[    0.000000] Faking a node at [mem 0x0000000000000000-0x000000003ffeffff]
[    0.000000] NODE_DATA(0) allocated [mem 0x3ffc5000-0x3ffeffff]
[    0.000000] kvm-clock: cpu 0, msr 0:3ff44001, primary cpu clock
[    0.000000] kvm-clock: Using msrs 4b564d01 and 4b564d00
[    0.000000] kvm-clock: using sched offset of 3822580603 cycles
[    0.000000] clocksource: kvm-clock: mask: 0xffffffffffffffff max_cycles: 0x1cd42e4dffb, max_idle_ns: 881590591483 ns
[    0.000000] Zone ranges:
[    0.000000]   DMA      [mem 0x0000000000001000-0x0000000000ffffff]
[    0.000000]   DMA32    [mem 0x0000000001000000-0x000000003ffeffff]
[    0.000000]   Normal   empty
[    0.000000]   Device   empty
[    0.000000] Movable zone start for each node
[    0.000000] Early memory node ranges
[    0.000000]   node   0: [mem 0x0000000000001000-0x000000000009efff]
[    0.000000]   node   0: [mem 0x0000000000100000-0x000000003ffeffff]
[    0.000000] Reserved but unavailable: 98 pages
[    0.000000] Initmem setup node 0 [mem 0x0000000000001000-0x000000003ffeffff]
[    0.000000] ACPI: PM-Timer IO Port: 0x4008
[    0.000000] IOAPIC[0]: apic_id 2, version 32, address 0xfec00000, GSI 0-23
[    0.000000] ACPI: INT_SRC_OVR (bus 0 bus_irq 0 global_irq 2 dfl dfl)
[    0.000000] ACPI: INT_SRC_OVR (bus 0 bus_irq 9 global_irq 9 low level)
[    0.000000] Using ACPI (MADT) for SMP configuration information
[    0.000000] smpboot: Allowing 2 CPUs, 0 hotplug CPUs
[    0.000000] PM: Registered nosave memory: [mem 0x00000000-0x00000fff]
[    0.000000] PM: Registered nosave memory: [mem 0x0009f000-0x0009ffff]
[    0.000000] PM: Registered nosave memory: [mem 0x000a0000-0x000effff]
[    0.000000] PM: Registered nosave memory: [mem 0x000f0000-0x000fffff]
[    0.000000] e820: [mem 0x40000000-0xfebfffff] available for PCI devices
[    0.000000] Booting paravirtualized kernel on KVM
[    0.000000] clocksource: refined-jiffies: mask: 0xffffffff max_cycles: 0xffffffff, max_idle_ns: 7645519600211568 ns
[    0.000000] random: get_random_bytes called from start_kernel+0x99/0x500 with crng_init=0
[    0.000000] setup_percpu: NR_CPUS:8192 nr_cpumask_bits:2 nr_cpu_ids:2 nr_node_ids:1
[    0.000000] percpu: Embedded 45 pages/cpu s147456 r8192 d28672 u1048576
[    0.000000] PV qspinlock hash table entries: 256 (order: 0, 4096 bytes)
[    0.000000] Built 1 zonelists, mobility grouping on.  Total pages: 257913
[    0.000000] Policy zone: DMA32
[    0.000000] Kernel command line: BOOT_IMAGE=/boot/vmlinuz-4.15.0-137-generic root=LABEL=cloudimg-rootfs ro console=tty1 console=ttyS0
[    0.000000] Memory: 983020K/1048120K available (12300K kernel code, 2483K rwdata, 4276K rodata, 2440K init, 2724K bss, 65100K reserved, 0K cma-reserved)
[    0.000000] SLUB: HWalign=64, Order=0-3, MinObjects=0, CPUs=2, Nodes=1
[    0.000000] Kernel/User page tables isolation: enabled
[    0.000000] ftrace: allocating 39427 entries in 155 pages
[    0.004000] Hierarchical RCU implementation.
[    0.004000] 	RCU restricting CPUs from NR_CPUS=8192 to nr_cpu_ids=2.
[    0.004000] 	Tasks RCU enabled.
[    0.004000] RCU: Adjusting geometry for rcu_fanout_leaf=16, nr_cpu_ids=2
[    0.004000] NR_IRQS: 524544, nr_irqs: 440, preallocated irqs: 16
[    0.004000] Console: colour VGA+ 80x25
[    0.004000] console [tty1] enabled
[    0.004000] console [ttyS0] enabled
[    0.004000] ACPI: Core revision 20170831
[    0.004000] ACPI: 2 ACPI AML tables successfully acquired and loaded
[    0.004000] APIC: Switch to symmetric I/O mode setup
[    0.004000] x2apic enabled
[    0.004000] Switched APIC routing to physical x2apic.
[    0.004000] ..TIMER: vector=0x30 apic1=0 pin1=2 apic2=-1 pin2=-1
[    0.004004] tsc: Detected 2592.000 MHz processor
[    0.005065] Calibrating delay loop (skipped) preset value.. 5184.00 BogoMIPS (lpj=10368000)
[    0.005701] pid_max: default: 32768 minimum: 301
[    0.008046] Security Framework initialized
[    0.009087] Yama: becoming mindful.
[    0.009862] AppArmor: AppArmor initialized
[    0.012000] Dentry cache hash table entries: 131072 (order: 8, 1048576 bytes)
[    0.012049] Inode-cache hash table entries: 65536 (order: 7, 524288 bytes)
[    0.016067] Mount-cache hash table entries: 2048 (order: 2, 16384 bytes)
[    0.017872] Mountpoint-cache hash table entries: 2048 (order: 2, 16384 bytes)
[    0.020258] Last level iTLB entries: 4KB 64, 2MB 8, 4MB 8
[    0.021344] Last level dTLB entries: 4KB 64, 2MB 0, 4MB 0, 1GB 4
[    0.022751] Spectre V1 : Mitigation: usercopy/swapgs barriers and __user pointer sanitization
[    0.024003] Spectre V2 : Mitigation: Full generic retpoline
[    0.025117] Spectre V2 : Spectre v2 / SpectreRSB mitigation: Filling RSB on context switch
[    0.026833] Speculative Store Bypass: Vulnerable
[    0.028040] SRBDS: Unknown: Dependent on hypervisor status
[    0.029111] MDS: Mitigation: Clear CPU buffers
[    0.030271] Freeing SMP alternatives memory: 36K
[    0.141595] smpboot: CPU0: Intel(R) Core(TM) i7-9750H CPU @ 2.60GHz (family: 0x6, model: 0x9e, stepping: 0xa)
[    0.143929] Performance Events: unsupported p6 CPU model 158 no PMU driver, software events only.
[    0.144036] Hierarchical SRCU implementation.
[    0.145934] NMI watchdog: Perf event create on CPU 0 failed with -2
[    0.147260] NMI watchdog: Perf NMI watchdog permanently disabled
[    0.148046] smp: Bringing up secondary CPUs ...
[    0.149107] x86: Booting SMP configuration:
[    0.150144] .... node  #0, CPUs:      #1
[    0.004000] kvm-clock: cpu 1, msr 0:3ff44041, secondary cpu clock
[    0.155593] smp: Brought up 1 node, 2 CPUs
[    0.156009] smpboot: Max logical packages: 1
[    0.156877] smpboot: Total of 2 processors activated (10368.00 BogoMIPS)
[    0.158439] devtmpfs: initialized
[    0.160045] x86/mm: Memory block size: 128MB
[    0.161161] evm: security.selinux
[    0.161900] evm: security.SMACK64
[    0.162606] evm: security.SMACK64EXEC
[    0.163431] evm: security.SMACK64TRANSMUTE
[    0.164004] evm: security.SMACK64MMAP
[    0.164783] evm: security.apparmor
[    0.165554] evm: security.ima
[    0.166396] evm: security.capability
[    0.168105] clocksource: jiffies: mask: 0xffffffff max_cycles: 0xffffffff, max_idle_ns: 7645041785100000 ns
[    0.169945] futex hash table entries: 512 (order: 3, 32768 bytes)
[    0.172000] pinctrl core: initialized pinctrl subsystem
[    0.172091] RTC time: 16:12:32, date: 03/18/21
[    0.173360] NET: Registered protocol family 16
[    0.176065] audit: initializing netlink subsys (disabled)
[    0.177201] audit: type=2000 audit(1616083957.225:1): state=initialized audit_enabled=0 res=1
[    0.177692] cpuidle: using governor ladder
[    0.180012] cpuidle: using governor menu
[    0.180864] ACPI: bus type PCI registered
[    0.181675] acpiphp: ACPI Hot Plug PCI Controller Driver version: 0.5
[    0.183157] PCI: Using configuration type 1 for base access
[    0.184873] HugeTLB registered 2.00 MiB page size, pre-allocated 0 pages
[    0.185344] ACPI: Added _OSI(Module Device)
[    0.188009] ACPI: Added _OSI(Processor Device)
[    0.188888] ACPI: Added _OSI(3.0 _SCP Extensions)
[    0.189861] ACPI: Added _OSI(Processor Aggregator Device)
[    0.192007] ACPI: Added _OSI(Linux-Dell-Video)
[    0.192968] ACPI: Added _OSI(Linux-Lenovo-NV-HDMI-Audio)
[    0.194270] ACPI: Added _OSI(Linux-HPI-Hybrid-Graphics)
[    0.195737] ACPI: Executed 1 blocks of module-level executable AML code
[    0.200074] ACPI: Interpreter enabled
[    0.200930] ACPI: (supports S0 S5)
[    0.201735] ACPI: Using IOAPIC for interrupt routing
[    0.202943] PCI: Using host bridge windows from ACPI; if necessary, use "pci=nocrs" and report a bug
[    0.204215] ACPI: Enabled 2 GPEs in block 00 to 07
[    0.212200] ACPI: PCI Root Bridge [PCI0] (domain 0000 [bus 00-ff])
[    0.213408] acpi PNP0A03:00: _OSC: OS supports [ASPM ClockPM Segments MSI]
[    0.215266] acpi PNP0A03:00: _OSC: not requesting OS control; OS requires [ExtendedConfig ASPM ClockPM MSI]
[    0.216017] acpi PNP0A03:00: fail to add MMCONFIG information, can't access extended PCI configuration space under this bridge.
[    0.220434] PCI host bridge to bus 0000:00
[    0.221286] pci_bus 0000:00: root bus resource [io  0x0000-0x0cf7 window]
[    0.222772] pci_bus 0000:00: root bus resource [io  0x0d00-0xffff window]
[    0.224003] pci_bus 0000:00: root bus resource [mem 0x000a0000-0x000bffff window]
[    0.225629] pci_bus 0000:00: root bus resource [mem 0x40000000-0xfdffffff window]
[    0.227092] pci_bus 0000:00: root bus resource [bus 00-ff]
[    0.230830] pci 0000:00:01.1: legacy IDE quirk: reg 0x10: [io  0x01f0-0x01f7]
[    0.232003] pci 0000:00:01.1: legacy IDE quirk: reg 0x14: [io  0x03f6]
[    0.233280] pci 0000:00:01.1: legacy IDE quirk: reg 0x18: [io  0x0170-0x0177]
[    0.234973] pci 0000:00:01.1: legacy IDE quirk: reg 0x1c: [io  0x0376]
[    0.250236] pci 0000:00:07.0: quirk: [io  0x4000-0x403f] claimed by PIIX4 ACPI
[    0.251690] pci 0000:00:07.0: quirk: [io  0x4100-0x410f] claimed by PIIX4 SMB
[    0.258464] ACPI: PCI Interrupt Link [LNKA] (IRQs 5 9 10 *11)
[    0.260085] ACPI: PCI Interrupt Link [LNKB] (IRQs 5 9 *10 11)
[    0.261365] ACPI: PCI Interrupt Link [LNKC] (IRQs 5 *9 10 11)
[    0.262688] ACPI: PCI Interrupt Link [LNKD] (IRQs 5 9 10 *11)
[    0.264333] SCSI subsystem initialized
[    0.265149] pci 0000:00:02.0: vgaarb: setting as boot VGA device
[    0.265567] pci 0000:00:02.0: vgaarb: VGA device added: decodes=io+mem,owns=io+mem,locks=none
[    0.268014] pci 0000:00:02.0: vgaarb: bridge control possible
[    0.269138] vgaarb: loaded
[    0.269995] ACPI: bus type USB registered
[    0.272037] usbcore: registered new interface driver usbfs
[    0.273242] usbcore: registered new interface driver hub
[    0.274453] usbcore: registered new device driver usb
[    0.276019] EDAC MC: Ver: 3.0.0
[    0.277119] PCI: Using ACPI for IRQ routing
[    0.277384] NetLabel: Initializing
[    0.278190] NetLabel:  domain hash size = 128
[    0.280003] NetLabel:  protocols = UNLABELED CIPSOv4 CALIPSO
[    0.281129] NetLabel:  unlabeled traffic allowed by default
[    0.282349] clocksource: Switched to clocksource kvm-clock
[    0.293055] VFS: Disk quotas dquot_6.6.0
[    0.294032] VFS: Dquot-cache hash table entries: 512 (order 0, 4096 bytes)
[    0.295610] AppArmor: AppArmor Filesystem Enabled
[    0.296649] pnp: PnP ACPI init
[    0.298949] pnp: PnP ACPI: found 3 devices
[    0.308661] clocksource: acpi_pm: mask: 0xffffff max_cycles: 0xffffff, max_idle_ns: 2085701024 ns
[    0.310575] NET: Registered protocol family 2
[    0.311767] TCP established hash table entries: 8192 (order: 4, 65536 bytes)
[    0.313840] TCP bind hash table entries: 8192 (order: 5, 131072 bytes)
[    0.316922] TCP: Hash tables configured (established 8192 bind 8192)
[    0.318306] UDP hash table entries: 512 (order: 2, 16384 bytes)
[    0.319564] UDP-Lite hash table entries: 512 (order: 2, 16384 bytes)
[    0.321485] NET: Registered protocol family 1
[    0.322626] pci 0000:00:00.0: Limiting direct PCI/PCI transfers
[    0.323900] pci 0000:00:01.0: Activating ISA DMA hang workarounds
[    0.325979] pci 0000:00:02.0: Video device with shadowed ROM at [mem 0x000c0000-0x000dffff]
[    0.327934] Unpacking initramfs...
[    0.635969] Freeing initrd memory: 19224K
[    0.637097] clocksource: tsc: mask: 0xffffffffffffffff max_cycles: 0x255cb6cc5db, max_idle_ns: 440795203504 ns
[    0.639277] platform rtc_cmos: registered platform RTC device (no PNP device found)
[    0.640949] Scanning for low memory corruption every 60 seconds
[    0.642869] Initialise system trusted keyrings
[    0.643772] Key type blacklist registered
[    0.644926] workingset: timestamp_bits=36 max_order=18 bucket_order=0
[    0.646952] zbud: loaded
[    0.648011] squashfs: version 4.0 (2009/01/31) Phillip Lougher
[    0.649405] fuse init (API version 7.26)
[    0.652636] Key type asymmetric registered
[    0.653787] Asymmetric key parser 'x509' registered
[    0.654709] Block layer SCSI generic (bsg) driver version 0.4 loaded (major 246)
[    0.656340] io scheduler noop registered
[    0.657123] io scheduler deadline registered
[    0.658096] io scheduler cfq registered (default)
[    0.659436] ACPI: AC Adapter [AC] (on-line)
[    0.660471] input: Power Button as /devices/LNXSYSTM:00/LNXPWRBN:00/input/input0
[    0.662226] ACPI: Power Button [PWRF]
[    0.663197] input: Sleep Button as /devices/LNXSYSTM:00/LNXSLPBN:00/input/input1
[    0.665026] ACPI: Sleep Button [SLPF]
[    0.667253] ACPI: Battery Slot [BAT0] (battery present)
[    0.668170] Serial: 8250/16550 driver, 32 ports, IRQ sharing enabled
[    0.690474] 00:02: ttyS0 at I/O 0x3f8 (irq = 4, base_baud = 115200) is a 16550A
[    0.693626] Linux agpgart interface v0.103
[    0.696464] loop: module loaded
[    0.698056] scsi host0: ata_piix
[    0.699318] scsi host1: ata_piix
[    0.700800] ata1: PATA max UDMA/33 cmd 0x1f0 ctl 0x3f6 bmdma 0xd000 irq 14
[    0.702162] ata2: PATA max UDMA/33 cmd 0x170 ctl 0x376 bmdma 0xd008 irq 15
[    0.703746] libphy: Fixed MDIO Bus: probed
[    0.704693] tun: Universal TUN/TAP device driver, 1.6
[    0.705844] PPP generic driver version 2.4.2
[    0.706792] ehci_hcd: USB 2.0 'Enhanced' Host Controller (EHCI) Driver
[    0.708065] ehci-pci: EHCI PCI platform driver
[    0.709098] ehci-platform: EHCI generic platform driver
[    0.710171] ohci_hcd: USB 1.1 'Open' Host Controller (OHCI) Driver
[    0.711412] ohci-pci: OHCI PCI platform driver
[    0.712467] ohci-platform: OHCI generic platform driver
[    0.713999] uhci_hcd: USB Universal Host Controller Interface driver
[    0.715277] i8042: PNP: PS/2 Controller [PNP0303:PS2K,PNP0f03:PS2M] at 0x60,0x64 irq 1,12
[    0.717464] serio: i8042 KBD port at 0x60,0x64 irq 1
[    0.718501] serio: i8042 AUX port at 0x60,0x64 irq 12
[    0.719659] mousedev: PS/2 mouse device common for all mice
[    0.721184] input: AT Translated Set 2 keyboard as /devices/platform/i8042/serio0/input/input2
[    0.723568] rtc_cmos rtc_cmos: rtc core: registered rtc_cmos as rtc0
[    0.725005] rtc_cmos rtc_cmos: alarms up to one day, 114 bytes nvram
[    0.726393] i2c /dev entries driver
[    0.727243] device-mapper: uevent: version 1.0.3
[    0.728223] device-mapper: ioctl: 4.37.0-ioctl (2017-09-20) initialised: dm-devel@redhat.com
[    0.730046] ledtrig-cpu: registered to indicate activity on CPUs
[    0.731824] NET: Registered protocol family 10
[    0.735857] Segment Routing with IPv6
[    0.736659] NET: Registered protocol family 17
[    0.737663] Key type dns_resolver registered
[    0.738650] mce: Using 0 MCE banks
[    0.739372] RAS: Correctable Errors collector initialized.
[    0.740776] sched_clock: Marking stable (740753105, 0)->(944278368, -203525263)
[    0.742790] registered taskstats version 1
[    0.743699] Loading compiled-in X.509 certificates
[    0.746727] Loaded X.509 cert 'Build time autogenerated kernel key: 891cd9bdbdbe808e88c20f1dc4820174eb8d1858'
[    0.748885] zswap: loaded using pool lzo/zbud
[    0.753802] Key type big_key registered
[    0.754847] Key type trusted registered
[    0.757242] Key type encrypted registered
[    0.758125] AppArmor: AppArmor sha1 policy hashing enabled
[    0.759373] ima: No TPM chip found, activating TPM-bypass! (rc=-19)
[    0.760696] ima: Allocated hash algorithm: sha1
[    0.761714] evm: HMAC attrs: 0x1
[    0.763722]   Magic number: 13:199:237
[    0.765739] rtc_cmos rtc_cmos: setting system clock to 2021-03-18 16:12:32 UTC (1616083952)
[    0.767828] BIOS EDD facility v0.16 2004-Jun-25, 0 devices found
[    0.769162] EDD information not available.
[    0.994187] Freeing unused kernel image memory: 2440K
[    1.008235] Write protecting the kernel read-only data: 20480k
[    1.010393] Freeing unused kernel image memory: 2008K
[    1.012547] Freeing unused kernel image memory: 1868K
[    1.022090] x86/mm: Checked W+X mappings: passed, no W+X pages found.
[    1.023852] x86/mm: Checking user space page tables
[    1.033699] x86/mm: Checked W+X mappings: passed, no W+X pages found.
Loading, please wait...
starting version 237
[    1.113670] e1000: Intel(R) PRO/1000 Network Driver - version 7.3.21-k8-NAPI
[    1.113671] Fusion MPT base driver 3.04.20
[    1.113673] Copyright (c) 1999-2008 LSI Corporation
[    1.116271] e1000: Copyright (c) 1999-2006 Intel Corporation.
[    1.124607] Fusion MPT SPI Host driver 3.04.20
[    1.145734] AVX2 version of gcm_enc/dec engaged.
[    1.147011] AES CTR mode by8 optimization enabled
[    1.361372] input: ImExPS/2 Generic Explorer Mouse as /devices/platform/i8042/serio1/input/input4
[    1.669064] e1000 0000:00:03.0 eth0: (PCI:33MHz:32-bit) 02:bb:7e:38:85:b0
[    1.670795] e1000 0000:00:03.0 eth0: Intel(R) PRO/1000 Network Connection
[    1.673795] mptbase: ioc0: Initiating bringup
[    1.675699] e1000 0000:00:03.0 enp0s3: renamed from eth0
[    1.976617] ioc0: LSI53C1030 A0: Capabilities={Initiator}
[    5.593287] scsi host2: ioc0: LSI53C1030 A0, FwRev=00000000h, Ports=1, MaxQ=256, IRQ=20
[    7.581275] scsi 2:0:0:0: Direct-Access     VBOX     HARDDISK         1.0  PQ: 0 ANSI: 5
[    8.082542] scsi target2:0:0: Beginning Domain Validation
[    8.085582] scsi target2:0:0: Domain Validation skipping write tests
[    8.087588] scsi target2:0:0: Ending Domain Validation
[    8.089223] scsi target2:0:0: asynchronous
[    8.090749] scsi 2:0:1:0: Direct-Access     VBOX     HARDDISK         1.0  PQ: 0 ANSI: 5
[    9.005418] scsi target2:0:1: Beginning Domain Validation
[    9.008797] random: fast init done
[    9.010040] scsi target2:0:1: Domain Validation skipping write tests
[    9.011727] scsi target2:0:1: Ending Domain Validation
[    9.013673] scsi target2:0:1: asynchronous
[    9.018901] random: systemd-udevd: uninitialized urandom read (16 bytes read)
[    9.020863] random: systemd-udevd: uninitialized urandom read (16 bytes read)
[    9.022527] random: systemd-udevd: uninitialized urandom read (16 bytes read)
[    9.024635] sd 2:0:0:0: [sda] 83886080 512-byte logical blocks: (42.9 GB/40.0 GiB)
[    9.026559] sd 2:0:0:0: [sda] Write Protect is off
[    9.027809] sd 2:0:0:0: [sda] Incomplete mode parameter data
[    9.029274] sd 2:0:0:0: [sda] Assuming drive cache: write through
[    9.031145] sd 2:0:0:0: Attached scsi generic sg0 type 0
[    9.033284] sd 2:0:1:0: [sdb] 20480 512-byte logical blocks: (10.5 MB/10.0 MiB)
[    9.035257] sd 2:0:1:0: [sdb] Write Protect is off
[    9.036724] sd 2:0:1:0: [sdb] Incomplete mode parameter data
[    9.038009] sd 2:0:1:0: [sdb] Assuming drive cache: write through
[    9.040627]  sda: sda1
[    9.040656] sd 2:0:1:0: Attached scsi generic sg1 type 0
[    9.044303] sd 2:0:0:0: [sda] Attached SCSI disk
[    9.046554] sd 2:0:1:0: [sdb] Attached SCSI disk
Begin: Loading essential drivers ... [   10.472101] raid6: sse2x1   gen()  9588 MB/s
[   10.520196] raid6: sse2x1   xor()  7375 MB/s
[   10.568042] raid6: sse2x2   gen() 12455 MB/s
[   10.616137] raid6: sse2x2   xor()  7824 MB/s
[   10.664263] raid6: sse2x4   gen() 13408 MB/s
[   10.712171] raid6: sse2x4   xor()  7411 MB/s
[   10.760098] raid6: avx2x1   gen() 19259 MB/s
[   10.808369] raid6: avx2x1   xor() 11682 MB/s
[   10.856120] raid6: avx2x2   gen() 16355 MB/s
[   10.904275] raid6: avx2x2   xor() 13528 MB/s
[   10.952122] raid6: avx2x4   gen() 28281 MB/s
[   11.000157] raid6: avx2x4   xor() 16659 MB/s
[   11.001211] raid6: using algorithm avx2x4 gen() 28281 MB/s
[   11.002857] raid6: .... xor() 16659 MB/s, rmw enabled
[   11.004184] raid6: using avx2x2 recovery algorithm
[   11.006782] xor: automatically using best checksumming function   avx       
[   11.010372] async_tx: api initialized (async)
done.
Begin: Running /scripts/init-premount ... done.
Begin: Mounting root file system ... Begin: Running /scripts/local-top ... done.
Begin: Running /scripts/local-premount ... [   11.060556] Btrfs loaded, crc32c=crc32c-intel
Scanning for Btrfs filesystems
done.
Warning: fsck not present, so skipping root file system
[   11.087961] EXT4-fs (sda1): mounted filesystem with ordered data mode. Opts: (null)
done.
Begin: Running /scripts/local-bottom ... done.
Begin: Running /scripts/init-bottom ... done.
[   11.200733] ip_tables: (C) 2000-2006 Netfilter Core Team
[   11.207323] systemd[1]: systemd 237 running in system mode. (+PAM +AUDIT +SELINUX +IMA +APPARMOR +SMACK +SYSVINIT +UTMP +LIBCRYPTSETUP +GCRYPT +GNUTLS +ACL +XZ +LZ4 +SECCOMP +BLKID +ELFUTILS +KMOD -IDN2 +IDN -PCRE2 default-hierarchy=hybrid)
[   11.212820] systemd[1]: Detected virtualization oracle.
[   11.214309] systemd[1]: Detected architecture x86-64.

Welcome to [1mUbuntu 18.04.5 LTS[0m!

[   11.219667] systemd[1]: Set hostname to <ubuntu>.
[   11.223159] systemd[1]: Initializing machine ID from random generator.
[   11.224818] systemd[1]: Installed transient /etc/machine-id file.
[   11.415396] systemd[1]: Reached target System Time Synchronized.
[[0;32m  OK  [0m] Reached target System Time Synchronized.
[   11.418943] systemd[1]: Created slice System Slice.
[[0;32m  OK  [0m] Created slice System Slice.
[   11.421232] systemd[1]: Listening on Journal Audit Socket.
[[0;32m  OK  [0m] Listening on Journal Audit Socket.
[   11.423526] systemd[1]: Listening on Device-mapper event daemon FIFOs.
[[0;32m  OK  [0m] Listening on Device-mapper event daemon FIFOs.
[[0;32m  OK  [0m] Listening on Journal Socket (/dev/log).
[[0;32m  OK  [0m] Listening on Syslog Socket.
[[0;32m  OK  [0m] Started Forward Password Requests to Wall Directory Watch.
[[0;32m  OK  [0m] Listening on LVM2 metadata daemon socket.
[[0;32m  OK  [0m] Listening on udev Control Socket.
[[0;32m  OK  [0m] Listening on Network Service Netlink Socket.
[[0;32m  OK  [0m] Created slice User and Session Slice.
[[0;32m  OK  [0m] Reached target User and Group Name Lookups.
[[0;32m  OK  [0m] Created slice system-serial\x2dgetty.slice.
[[0;32m  OK  [0m] Reached target Slices.
[[0;32m  OK  [0m] Listening on Journal Socket.
         Starting Create list of required stâ€¦ce nodes for the current kernel...
         Starting Monitoring of LVM2 mirrorsâ€¦ng dmeventd or progress polling...
         Starting Uncomplicated firewall...
         Mounting Huge Pages File System...
         Starting Journal Service...
         Mounting POSIX Message Queue File System...
         Starting Set the console keyboard layout...
         Mounting Kernel Debug File System...
[[0;32m  OK  [0m] Set up automount Arbitrary Executabâ€¦rmats File System Automount Point.
[[0;32m  OK  [0m] Reached target Swap.
[[0;32m  OK  [0m] Listening on fsck to fsckd communication Socket.
         Starting File System Check on Root Device...
         Starting Load Kernel Modules...
[[0;32m  OK  [0m] Listening on LVM2 poll daemon socket.
[[0;32m  OK  [0m] Listening on /dev/initctl Compatibility Named Pipe.
[[0;32m  OK  [0m] Listening on udev Kernel Socket.
         Starting udev Coldplug all Devices...
[[0;32m  OK  [0m] Started Journal Service.
[[0;32m  OK  [0m] Started Create list of required staâ€¦vice nodes for the current kernel.
[[0;32m  OK  [0m] Started Uncomplicated firewall.
[[0;32m  OK  [0m] Mounted Huge Pages File System.
[[0;32m  OK  [0m] Mounted POSIX Message Queue File System.
[[0;32m  OK  [0m] Mounted Kernel Debug File System.
[[0;32m  OK  [0m] Started LVM2 metadata daemon.
         Starting Create Static Device Nodes in /dev...
[[0;32m  OK  [0m] Started File System Check Daemon to report status.
[   11.543456] Loading iSCSI transport class v2.0-870.
[   11.548872] iscsi: registered transport (tcp)
[[0;32m  OK  [0m] Started Create Static Device Nodes in /dev.
[[0;32m  OK  [0m] Started udev Coldplug all Devices.
[[0;32m  OK  [0m] Started File System Check on Root Device.
[   11.618522] iscsi: registered transport (iser)
         Starting Remount Root and Kernel File Systems...
[[0;32m  OK  [0m] Started Load Kernel Modules.
         Mounting FUSE Control File System...
         Mounting Kernel Configuration File System...
         Starting Apply Kernel Variables...
[[0;32m  OK  [0m] Mounted FUSE Control File System.
[[0;32m  OK  [0m] Mounted Kernel Configuration File System.
[[0;32m  OK  [0m] Started Monitoring of LVM2 mirrors,â€¦sing dmeventd or progress polling.
[[0;32m  OK  [0m] Started Apply Kernel Variables.
[[0;32m  OK  [0m] Started Remount Root and Kernel File Systems.
         Starting Load/Save Random Seed...
         Starting Flush Journal to Persistent Storage...
         Starting udev Kernel Device Manager...
[[0;32m  OK  [0m] Started Load/Save Random Seed.
[[0;32m  OK  [0m] Started Set the console keyboard layout.
[[0;32m  OK  [0m] Reached target Local File Systems (Pre).
[[0;32m  OK  [0m] Reached target Local File Systems.
         Starting Set console font and keymap...
         Starting AppArmor initialization...
         Starting Tell Plymouth To Write Out Runtime Data...
         Starting ebtables ruleset management...
         Starting Commit a transient machine-id on disk...
[[0;32m  OK  [0m] Started udev Kernel Device Manager.
[[0;32m  OK  [0m] Started Dispatch Password Requests to Console Directory Watch.
[[0;32m  OK  [0m] Reached target Local Encrypted Volumes.
[[0;32m  OK  [0m] Started Flush Journal to Persistent Storage.
[[0;32m  OK  [0m] Started Set console font and keymap.
         Starting Create Volatile Files and Directories...
[[0;32m  OK  [0m] Started Tell Plymouth To Write Out Runtime Data.
[[0;32m  OK  [0m] Started Create Volatile Files and Directories.
         Starting Update UTMP about System Boot/Shutdown...
[[0;32m  OK  [0m] Started Commit a transient machine-id on disk.
[[0;32m  OK  [0m] Started Update UTMP about System Boot/Shutdown.
[[0;32m  OK  [0m] Started ebtables ruleset management.
[[0;32m  OK  [0m] Found device /dev/ttyS0.
[[0;32m  OK  [0m] Listening on Load/Save RF Kill Switch Status /dev/rfkill Watch.
[[0;32m  OK  [0m] Started AppArmor initialization.
         Starting Initial cloud-init job (pre-networking)...
         Starting Load AppArmor profiles managed internally by snapd...
[[0;32m  OK  [0m] Started Load AppArmor profiles managed internally by snapd.
[   13.587776] cloud-init[564]: Cloud-init v. 20.4.1-0ubuntu1~18.04.1 running 'init-local' at Thu, 18 Mar 2021 16:12:45 +0000. Up 13.29 seconds.
[[0;32m  OK  [0m] Started Initial cloud-init job (pre-networking).
[[0;32m  OK  [0m] Reached target Network (Pre).
         Starting Network Service...
[[0;32m  OK  [0m] Started Network Service.
         Starting Wait for Network to be Configured...
         Starting Network Name Resolution...
[[0;32m  OK  [0m] Started Network Name Resolution.
[[0;32m  OK  [0m] Reached target Host and Network Name Lookups.
[[0;32m  OK  [0m] Reached target Network.
[[0;32m  OK  [0m] Started Wait for Network to be Configured.
         Starting Initial cloud-init job (metadata service crawler)...
[   15.681395] cloud-init[698]: Cloud-init v. 20.4.1-0ubuntu1~18.04.1 running 'init' at Thu, 18 Mar 2021 16:12:47 +0000. Up 15.55 seconds.
[   15.684566] cloud-init[698]: ci-info: ++++++++++++++++++++++++++++++++++++++Net device info++++++++++++++++++++++++++++++++++++++
[   15.686687] cloud-init[698]: ci-info: +--------+------+----------------------------+---------------+--------+-------------------+
[   15.689528] cloud-init[698]: ci-info: | Device |  Up  |          Address           |      Mask     | Scope  |     Hw-Address    |
[   15.691746] cloud-init[698]: ci-info: +--------+------+----------------------------+---------------+--------+-------------------+
[   15.694383] cloud-init[698]: ci-info: | enp0s3 | True |         10.0.2.15          | 255.255.255.0 | global | 02:bb:7e:38:85:b0 |
[   15.696941] cloud-init[698]: ci-info: | enp0s3 | True | fe80::bb:7eff:fe38:85b0/64 |       .       |  link  | 02:bb:7e:38:85:b0 |
[   15.699209] cloud-init[698]: ci-info: |   lo   | True |         127.0.0.1          |   255.0.0.0   |  host  |         .         |
[   15.701590] cloud-init[698]: ci-info: |   lo   | True |          ::1/128           |       .       |  host  |         .         |
[   15.704074] cloud-init[698]: ci-info: +--------+------+----------------------------+---------------+--------+-------------------+
[   15.707332] cloud-init[698]: ci-info: ++++++++++++++++++++++++++++Route IPv4 info+++++++++++++++++++++++++++++
[   15.709394] cloud-init[698]: ci-info: +-------+-------------+----------+-----------------+-----------+-------+
[   15.711310] cloud-init[698]: ci-info: | Route | Destination | Gateway  |     Genmask     | Interface | Flags |
[   15.713340] cloud-init[698]: ci-info: +-------+-------------+----------+-----------------+-----------+-------+
[   15.715068] cloud-init[698]: ci-info: |   0   |   0.0.0.0   | 10.0.2.2 |     0.0.0.0     |   enp0s3  |   UG  |
[   15.716983] cloud-init[698]: ci-info: |   1   |   10.0.2.0  | 0.0.0.0  |  255.255.255.0  |   enp0s3  |   U   |
[   15.719413] cloud-init[698]: ci-info: |   2   |   10.0.2.2  | 0.0.0.0  | 255.255.255.255 |   enp0s3  |   UH  |
[   15.721178] cloud-init[698]: ci-info: +-------+-------------+----------+-----------------+-----------+-------+
[   15.723082] cloud-init[698]: ci-info: +++++++++++++++++++Route IPv6 info+++++++++++++++++++
[   15.724720] cloud-init[698]: ci-info: +-------+-------------+---------+-----------+-------+
[   15.725694] cloud-init[698]: ci-info: | Route | Destination | Gateway | Interface | Flags |
[   15.727012] cloud-init[698]: ci-info: +-------+-------------+---------+-----------+-------+
[   15.728324] cloud-init[698]: ci-info: |   1   |  fe80::/64  |    ::   |   enp0s3  |   U   |
[   15.729874] cloud-init[698]: ci-info: |   3   |    local    |    ::   |   enp0s3  |   U   |
[   15.731400] cloud-init[698]: ci-info: |   4   |   ff00::/8  |    ::   |   enp0s3  |   U   |
[   15.734178] cloud-init[698]: ci-info: +-------+-------------+---------+-----------+-------+
[   16.322976] cloud-init[698]: Generating public/private rsa key pair.
[   16.324214] cloud-init[698]: Your identification has been saved in /etc/ssh/ssh_host_rsa_key.
[   16.325578] cloud-init[698]: Your public key has been saved in /etc/ssh/ssh_host_rsa_key.pub.
[   16.327148] cloud-init[698]: The key fingerprint is:
[   16.340455] cloud-init[698]: SHA256:WkYKjGTVAhna+BXmtbIa0t5WYvv10Ix4vL/iwFp+yw0 root@ubuntu-bionic
[   16.341627] cloud-init[698]: The key's randomart image is:
[   16.352510] cloud-init[698]: +---[RSA 2048]----+
[   16.364272] cloud-init[698]: |  ==+..          |
[   16.365326] cloud-init[698]: | *.=.o..         |
[   16.380506] cloud-init[698]: |o o *.. .        |
[[0;32m  OK  [0m[   16.396621] cloud-init[698]: | o . + o         |
[   16.397041] cloud-init[698]: |. + + o S        |
] Started Initial cloud-init job (metadata service crawler).
[   16.399142] cloud-init[698]: | o = = * +       |
[   16.402239] cloud-init[698]: |  o + * E o      |
[[0;32m  OK  [0m] Reached target Cloud-config availability.
[   16.403815] cloud-init[698]: |   . = =o*       |
[   16.406173] cloud-init[698]: |    . oo=+=.     |
[[0;32m  OK  [0m[   16.407584] cloud-init[698]: +----[SHA256]-----+
[   16.408378] cloud-init[698]: Generating public/private dsa key pair.
[   16.408969] cloud-init[698]: Your identification has been saved in /etc/ssh/ssh_host_dsa_key.
[   16.409445] cloud-init[698]: Your public key has been saved in /etc/ssh/ssh_host_dsa_key.pub.
[   16.411537] cloud-init[698]: The key fingerprint is:
[   16.413039] cloud-init[698]: SHA256:uQnebhUC3VcP3mXT2C0a8Sio5UqPXSZTFX3UUcci2cM root@ubuntu-bionic
[   16.413981] cloud-init[698]: The key's randomart image is:
[   16.414189] cloud-init[698]: +---[DSA 1024]----+
[   16.414984] cloud-init[698]: |       . .  +OoB%|
[   16.415092] cloud-init[698]: |      . ....=+E=@|
] Reached target Network is Online.
[   16.415177] cloud-init[698]: |       .o o..+o=o|
[   16.415220] cloud-init[698]: |       +.o...    |
         [   16.432280] cloud-init[698]: |      + S.o.     |
[   16.432504] cloud-init[698]: |     o B B.      |
Starting Availability of block devices...
[[0;32m  OK  [0m] Reached target Remote File Systems (Pre).
[[0;32m  OK  [0m] Reached target Remote File Systems.
[   16.433012] cloud-init[698]: |      + *.       |
[[0;32m  OK  [0m[   16.437303] cloud-init[698]: |       ..        |
[   16.437563] cloud-init[698]: |       ..        |
] Reached target System Initialization.
[   16.437863] cloud-init[698]: +----[SHA256]-----+
[[0;32m  OK  [0m[   16.440985] cloud-init[698]: Generating public/private ecdsa key pair.
[   16.441565] cloud-init] [698]: Started Daily Cleanup of Temporary Directories.Your identification has been saved in /etc/ssh/ssh_host_ecdsa_key.

[   16.441871] cloud-init[698]: Your public key has been saved in /etc/ssh/ssh_host_ecdsa_key.pub.
[   16.460971] cloud-init[698]: The key fingerprint is:
[[0;32m  OK  [0m] Listening on ACPID Listen Socket.
[   16.462413] cloud-init[698]: SHA256:Re5HeZ8JexkVU5u5tw5uHTkeVhLMNFridgKGn2zWodA root@ubuntu-bionic
[[0;32m  OK  [0m[   16.467084] ] Listening on D-Bus System Message Bus Socket.cloud-init
[698]: The key's randomart image is:
[   16.469456] cloud-init[698]: +---[ECDSA 256]---+
[[0;32m  OK  [0m] Started ACPI Events Check.
[   16.480558] cloud-init[698]: |         o+ .++o=|
[   16.482607] cloud-init[698]: |        o+Eo.=+.*|
[[   16.484078] cloud-init[698]: |         +o+Boo* |
[   16.484192] cloud-init[698]: |         oBo.++.B|[0;32m  OK  [0m
] Started Message of the Day.
[   16.485705] cloud-init[698]: |        So. .. B=|
[   16.488052] cloud-init[698]: |           .  .*o|
         [   16.500626] cloud-init[698]: |             .+.+|
[   16.500825] cloud-init[698]: |            ..oo |
[   16.501769] cloud-init[698]: |            .. . |
[   16.502690] cloud-init[698]: +----[SHA256]-----+
[   16.503682] cloud-init[698]: Generating public/private ed25519 key pair.
[   16.504200] cloud-init[698]: Your identification has been saved in /etc/ssh/ssh_host_ed25519_key.
[   16.505068] cloud-init[698]: Your public key has been saved in /etc/ssh/ssh_host_ed25519_key.pub.
[   16.506351] cloud-init[698]: The key fingerprint is:
[   16.507026] cloud-init[698]: SHA256:oqOb1k52k7GQPHW0VNk3qIvxCVXRUxz4JZ244EOWSfQ root@ubuntu-bionic
[   16.507810] cloud-init[698]: The key's randomart image is:
[   16.508633] cloud-init[698]: +--[ED25519 256]--+
Starting Socket activation for snappy daemon.
[   16.509600] cloud-init[698]: |        o.+*=+o=+|
[[   16.516447] cloud-init[698]: |       o .o*+o*.+|
[   16.516652] cloud-init[698]: |      . o.+..Eo+.|
[   16.517840] cloud-init[698]: |   . o .o .o . . |
[   16.518233] cloud-init[698]: |    = o S= o.    |
[0;32m  OK  [0m] Started Daily apt download activities.
[   16.518373] cloud-init[698]: |     + =. +      |
[   16.521705] cloud-init[698]: |   .= =          |
[   16.522620] cloud-init[698]: |  .=.o .         |
[   16.523560] cloud-init[698]: | .+o.            |
[   16.524859] cloud-init[698]: +----[SHA256]-----+
         Starting LXD - unix socket.
[[0;32m  OK  [0m] Reached target Paths.
[[0;32m  OK  [0m] Started Daily apt upgrade and clean activities.
[[0;32m  OK  [0m] Listening on UUID daemon activation socket.
[[0;32m  OK  [0m] Started Discard unused blocks once a week.
[[0;32m  OK  [0m] Reached target Timers.
[[0;32m  OK  [0m] Listening on Open-iSCSI iscsid Socket.
[[0;32m  OK  [0m] Started Availability of block devices.
[[0;32m  OK  [0m] Listening on Socket activation for snappy daemon.
[[0;32m  OK  [0m] Listening on LXD - unix socket.
[[0;32m  OK  [0m] Reached target Sockets.
[[0;32m  OK  [0m] Reached target Basic System.
         Starting Accounts Service...
[[0;32m  OK  [0m] Started Regular background program processing daemon.
         Starting Login Service...
         Starting LSB: automatic crash report generation...
[[0;32m  OK  [0m] Started Deferred execution scheduler.
[[0;32m  OK  [0m] Started D-Bus System Message Bus.
         Starting Permit User Sessions...
         Starting Dispatcher daemon for systemd-networkd...
[[0;32m  OK  [0m] Started FUSE filesystem for LXC.
[[0;32m  OK  [0m] Started irqbalance daemon.
         Starting LXD - container startup/shutdown...
         Starting Snap Daemon...
         Starting Pollinate to seed the pseudo random number generator...
         Starting System Logging Service...
         Starting LSB: Record successful boot for GRUB...
         Starting Virtualbox guest utils...
[[0;32m  OK  [0m] Started Permit User Sessions.
[[0;32m  OK  [0m] Started LXD - container startup/shutdown.
[[0;32m  OK  [0m] Started Login Service.
[[0;32m  OK  [0m] Started System Logging Service.
         Starting Authorization Manager...
[[0;32m  OK  [0m] Started Unattended Upgrades Shutdown.
         Starting Terminate Plymouth Boot Screen...
         Starting Hold until boot process finishes up...
[[0;32m  OK  [0m] Started Hold until boot process finishes up.
[[0;32m  OK  [0m] Started Serial Getty on ttyS0.
         Starting Set console scheme...
[[0;32m  OK  [0m] Started LSB: automatic crash report generation.
[[0;32m  OK  [0m] Started Terminate Plymouth Boot Screen.
[[0;32m  OK  [0m] Started Dispatcher daemon for systemd-networkd.
[[0;32m  OK  [0m] Started Set console scheme.
[[0;32m  OK  [0m] Created slice system-getty.slice.
[[0;32m  OK  [0m] Started Getty on tty1.
[[0;32m  OK  [0m] Reached target Login Prompts.
[[0;32m  OK  [0m] Started Authorization Manager.
[[0;32m  OK  [0m] Started Accounts Service.
[[0;32m  OK  [0m] Started LSB: Record successful boot for GRUB.
[[0;32m  OK  [0m] Started Virtualbox guest utils.
[[0;32m  OK  [0m] Started Snap Daemon.
         Starting Wait until snapd is fully seeded...
[[0;32m  OK  [0m] Started Pollinate to seed the pseudo random number generator.
         Starting OpenBSD Secure Shell server...
[[0;32m  OK  [0m] Started OpenBSD Secure Shell server.
[[0;32m  OK  [0m] Created slice User Slice of vagrant.
         Starting User Manager for UID 1000...
[[0;32m  OK  [0m] Started Session 1 of user vagrant.
[[0;32m  OK  [0m] Started User Manager for UID 1000.
[[0;32m  OK  [0m] Started Wait until snapd is fully seeded.
         Starting Apply the settings specified in cloud-config...
[[0;32m  OK  [0m] Reached target Multi-User System.
[[0;32m  OK  [0m] Reached target Graphical Interface.
         Starting Update UTMP about System Runlevel Changes...
[[0;32m  OK  [0m] Started Update UTMP about System Runlevel Changes.
[   20.951455] cloud-init[1287]: Cloud-init v. 20.4.1-0ubuntu1~18.04.1 running 'modules:config' at Thu, 18 Mar 2021 16:12:52 +0000. Up 20.53 seconds.
[[0;32m  OK  [0m] Started Apply the settings specified in cloud-config.
         Starting Execute cloud user/final scripts...
         Stopping User Manager for UID 1000...
[[0;32m  OK  [0m] Stopped User Manager for UID 1000.
[[0;32m  OK  [0m] Removed slice User Slice of vagrant.
[[0;32m  OK  [0m] Created slice User Slice of vagrant.
         Starting User Manager for UID 1000...
[[0;32m  OK  [0m] Started Session 3 of user vagrant.
[[0;32m  OK  [0m] Started User Manager for UID 1000.
ci-info: no authorized SSH keys fingerprints found for user ubuntu.
<14>Mar 18 16:12:53 ec2: 
<14>Mar 18 16:12:53 ec2: #############################################################
<14>Mar 18 16:12:53 ec2: -----BEGIN SSH HOST KEY FINGERPRINTS-----
<14>Mar 18 16:12:53 ec2: 1024 SHA256:uQnebhUC3VcP3mXT2C0a8Sio5UqPXSZTFX3UUcci2cM root@ubuntu-bionic (DSA)
<14>Mar 18 16:12:53 ec2: 256 SHA256:Re5HeZ8JexkVU5u5tw5uHTkeVhLMNFridgKGn2zWodA root@ubuntu-bionic (ECDSA)
<14>Mar 18 16:12:53 ec2: 256 SHA256:oqOb1k52k7GQPHW0VNk3qIvxCVXRUxz4JZ244EOWSfQ root@ubuntu-bionic (ED25519)
<14>Mar 18 16:12:53 ec2: 2048 SHA256:WkYKjGTVAhna+BXmtbIa0t5WYvv10Ix4vL/iwFp+yw0 root@ubuntu-bionic (RSA)
<14>Mar 18 16:12:53 ec2: -----END SSH HOST KEY FINGERPRINTS-----
<14>Mar 18 16:12:53 ec2: #############################################################
-----BEGIN SSH HOST KEY KEYS-----
ecdsa-sha2-nistp256 AAAAE2VjZHNhLXNoYTItbmlzdHAyNTYAAAAIbmlzdHAyNTYAAABBBLoARytiQsiBziF5y5OsNgzn8oeL16Qm/ZTK8QtRq2W1FCFVSUgxehH4AeX1XQfv8YeFds/DPqOMT4utG1aBY50= root@ubuntu-bionic
ssh-ed25519 AAAAC3NzaC1lZDI1NTE5AAAAIJB/vIz/LPnXFxX4Edp3WTP7/rWA9P4QHx36rlLNVf0o root@ubuntu-bionic
ssh-rsa AAAAB3NzaC1yc2EAAAADAQABAAABAQDwrcOCtuLH7KxIOZov+DVxg998OWJwi2OOLb0+oXS8PrVaNqtJ4f5lmCAQOcVXNXaf2HrerKGqSm2tAPikCOhedwQxhcCn+MeWfSsWj5oud77mTywsU9yxlPat2aSltaA+hO3mZo34QAaytazE5eQCzl/HKR9si9YbETPUdhYdyw/+HRFqOo9LZwUWsOiDvEbHeFIitzpTgPyIHAWWHSWCvYzoAW+UFhPuHf06DBy3ImOf8mIAZ4B/UrmKF8AOxJgscy+MBlUUbQ00Po8oDCc4CSI28P3nYx8vWuUhIbjeWiq/cdhr02mRmEiLHLtIErGkqcFIza/EzbgieVcIpwCV root@ubuntu-bionic
-----END SSH HOST KEY KEYS-----
[   21.727949] cloud-init[1463]: Cloud-init v. 20.4.1-0ubuntu1~18.04.1 running 'modules:final' at Thu, 18 Mar 2021 16:12:53 +0000. Up 21.52 seconds.
[   21.729550] cloud-init[1463]: ci-info: no authorized SSH keys fingerprints found for user ubuntu.
[   21.731044] cloud-init[1463]: Cloud-init v. 20.4.1-0ubuntu1~18.04.1 finished at Thu, 18 Mar 2021 16:12:53 +0000. Datasource DataSourceNoCloud [seed=/dev/sdb][dsmode=net].  Up 21.72 seconds
[[0;32m  OK  [0m] Started Execute cloud user/final scripts.
[[0;32m  OK  [0m] Reached target Cloud-init target.

Ubuntu 18.04.5 LTS ubuntu-bionic ttyS0

ubuntu-bionic login: 